---
source: crates/ascribe-cli/tests/all/diff.rs
expression: "serde_json::to_string_pretty(&data).expect(\"JSON\")"
---
{
  "ascribe_version": "<version>",
  "base": {
    "commit": "<commit>",
    "merge_base": "<commit>",
    "requested": "main"
  },
  "builds": [
    {
      "build": "site",
      "pages": [
        {
          "because": [
            "_fragments/prereqs.md"
          ],
          "changes": [
            {
              "kind": "changed",
              "now": {
                "source": "_fragments/prereqs.md:1-1",
                "via": [
                  "guide.md:3"
                ]
              },
              "was": {
                "source": "_fragments/prereqs.md:1-1",
                "via": [
                  "guide.md:3"
                ]
              },
              "words": {
                "now": [
                  [
                    15,
                    18
                  ]
                ],
                "now_text": "You need agent 2.4 or later.",
                "was": [
                  [
                    15,
                    18
                  ]
                ],
                "was_text": "You need agent 2.2 or later."
              }
            },
            {
              "kind": "added",
              "now": {
                "source": "_fragments/prereqs.md:3-3",
                "via": [
                  "guide.md:3"
                ]
              }
            }
          ],
          "counts": {
            "added": 1,
            "changed": 1,
            "moved": 0,
            "removed": 0
          },
          "formatted_title": null,
          "now": "p1",
          "omitted": false,
          "own_file_changed": false,
          "page_changed": [],
          "path": "guide.md",
          "prompt": "Review what this change does to `docs/guide.md`, as a reader of build `site` sees it.\n\nWhere: docs/guide.md\nProject: site/\nBuild: `site`\n\nBase: `main`, from where this branch left it (<commit>)\nWhat changed: 1 changed, 1 added\nChanged through: `docs/_fragments/prereqs.md`\nTo read it: `ascribe render site/docs/guide.md --build site`\nChanges:\n- changed: docs/_fragments/prereqs.md:1, shown through docs/guide.md:3\n- added: docs/_fragments/prereqs.md:3, shown through docs/guide.md:3\n\nReport what reads wrongly; don't edit.\n",
          "route": "/guide/",
          "status": "changed",
          "title": null,
          "was": "p2"
        },
        {
          "because": [
            "_fragments/prereqs.md"
          ],
          "changes": [
            {
              "kind": "changed",
              "now": {
                "source": "_fragments/prereqs.md:1-1",
                "via": [
                  "install.md:9"
                ]
              },
              "was": {
                "source": "_fragments/prereqs.md:1-1",
                "via": [
                  "install.md:9"
                ]
              },
              "words": {
                "now": [
                  [
                    15,
                    18
                  ]
                ],
                "now_text": "You need agent 2.4 or later.",
                "was": [
                  [
                    15,
                    18
                  ]
                ],
                "was_text": "You need agent 2.2 or later."
              }
            },
            {
              "kind": "added",
              "now": {
                "source": "_fragments/prereqs.md:3-3",
                "via": [
                  "install.md:9"
                ]
              }
            }
          ],
          "counts": {
            "added": 1,
            "changed": 1,
            "moved": 0,
            "removed": 0
          },
          "formatted_title": null,
          "now": "p3",
          "omitted": false,
          "own_file_changed": false,
          "page_changed": [],
          "path": "install.md",
          "prompt": "Review what this change does to `docs/install.md`, as a reader of build `site` sees it.\n\nWhere: docs/install.md\nProject: site/\nBuild: `site`\n\nBase: `main`, from where this branch left it (<commit>)\nWhat changed: 1 changed, 1 added\nChanged through: `docs/_fragments/prereqs.md`\nTo read it: `ascribe render site/docs/install.md --build site`\nChanges:\n- changed: docs/_fragments/prereqs.md:1, shown through docs/install.md:9\n- added: docs/_fragments/prereqs.md:3, shown through docs/install.md:9\n\nReport what reads wrongly; don't edit.\n",
          "route": "/install/",
          "status": "changed",
          "title": "Install",
          "was": "p4"
        }
      ]
    }
  ],
  "image_limit": 1048576,
  "images": {
    "i1": "data:image/png;base64,wolQTkc="
  },
  "limit": {
    "omitted": 0,
    "pages": 300
  },
  "pages": {
    "p1": {
      "html": "<h1 data-ascribe-source=\"guide.md:1-1\" id=\"guide\">Guide</h1>\n<p data-ascribe-source=\"_fragments/prereqs.md:1-1\" data-ascribe-via=\"guide.md:3\">You need agent 2.4 or later.</p>\n<p data-ascribe-source=\"_fragments/prereqs.md:3-3\" data-ascribe-via=\"guide.md:3\"><img src=\"./logo.png\" alt=\"Logo\" /></p>\n",
      "images": {
        "./logo.png": {
          "image": "i1",
          "path": "logo.png"
        }
      }
    },
    "p2": {
      "html": "<h1 data-ascribe-source=\"guide.md:1-1\" id=\"guide\">Guide</h1>\n<p data-ascribe-source=\"_fragments/prereqs.md:1-1\" data-ascribe-via=\"guide.md:3\">You need agent 2.2 or later.</p>\n",
      "images": {}
    },
    "p3": {
      "html": "<h1 data-ascribe-source=\"install.md:5-5\" id=\"install\">Install</h1>\n<p data-ascribe-source=\"install.md:7-7\">Intro for Quill.</p>\n<p data-ascribe-source=\"_fragments/prereqs.md:1-1\" data-ascribe-via=\"install.md:9\">You need agent 2.4 or later.</p>\n<p data-ascribe-source=\"_fragments/prereqs.md:3-3\" data-ascribe-via=\"install.md:9\"><img src=\"./logo.png\" alt=\"Logo\" /></p>\n<p data-ascribe-source=\"install.md:11-11\">The end.</p>\n",
      "images": {
        "./logo.png": {
          "image": "i1",
          "path": "logo.png"
        }
      }
    },
    "p4": {
      "html": "<h1 data-ascribe-source=\"install.md:5-5\" id=\"install\">Install</h1>\n<p data-ascribe-source=\"install.md:7-7\">Intro for Quill.</p>\n<p data-ascribe-source=\"_fragments/prereqs.md:1-1\" data-ascribe-via=\"install.md:9\">You need agent 2.2 or later.</p>\n<p data-ascribe-source=\"install.md:11-11\">The end.</p>\n",
      "images": {}
    }
  },
  "working_tree_errors": 2
}
