---
source: crates/ascribe-emit/tests/site_quill.rs
expression: text
---
---
title: Try Quill in the browser
description: Run Quill in the browser with no local setup.
---

## Try in the browser <ascribe-attributes id="try-in-browser"></ascribe-attributes>

Open the playground at play.quill.dev and paste a page of your docs.

![The Quill playground](./playground.png)<ascribe-attributes width="600"></ascribe-attributes>

To keep your changes, [install the agent](/install-agent/).
