---
source: crates/ascribe-emit/tests/all/quill.rs
expression: text
---
# Try Quill in the browser

## Try in the browser

Open the playground at play.quill.dev and paste a page of your docs.

![The Quill playground](./playground.png)

To keep your changes, [install the agent](https://docs.quill.dev/install-agent/).
